<?xml version="1.0" encoding="ISO-8859-1" ?>
<link_info>
   <banner>TI ARM Linker Unix v18.1.4.LTS</banner>
   <copyright>Copyright (c) 1996-2018 Texas Instruments Incorporated</copyright>
   <link_time>0x5c719956</link_time>
   <link_errors>0x0</link_errors>
   <output_file>project0.out</output_file>
   <entry_point>
      <name>_c_int00_noargs</name>
      <address>0xbf1</address>
   </entry_point>
   <input_file_list>
      <input_file id="fl-1">
         <path>./</path>
         <kind>object</kind>
         <file>master_slave_loopback.obj</file>
         <name>master_slave_loopback.obj</name>
      </input_file>
      <input_file id="fl-2">
         <path>./</path>
         <kind>object</kind>
         <file>project0.obj</file>
         <name>project0.obj</name>
      </input_file>
      <input_file id="fl-3">
         <path>./</path>
         <kind>object</kind>
         <file>startup_ccs.obj</file>
         <name>startup_ccs.obj</name>
      </input_file>
      <input_file id="fl-4">
         <path>./</path>
         <kind>object</kind>
         <file>uartstdio.obj</file>
         <name>uartstdio.obj</name>
      </input_file>
      <input_file id="fl-9">
         <kind>object</kind>
         <file>&lt;internal&gt;</file>
         <name>&lt;internal&gt;</name>
      </input_file>
      <input_file id="fl-bf">
         <path>/home/john/ti/ccsv8/tools/compiler/ti-cgt-arm_18.1.4.LTS/lib/</path>
         <kind>archive</kind>
         <file>rtsv7M4_T_le_v4SPD16_eabi.lib</file>
         <name>u_divt2.asm.obj</name>
      </input_file>
      <input_file id="fl-c0">
         <path>/home/john/ti/ccsv8/tools/compiler/ti-cgt-arm_18.1.4.LTS/lib/</path>
         <kind>archive</kind>
         <file>rtsv7M4_T_le_v4SPD16_eabi.lib</file>
         <name>memcpy_t2.asm.obj</name>
      </input_file>
      <input_file id="fl-c1">
         <path>/home/john/ti/ccsv8/tools/compiler/ti-cgt-arm_18.1.4.LTS/lib/</path>
         <kind>archive</kind>
         <file>rtsv7M4_T_le_v4SPD16_eabi.lib</file>
         <name>copy_zero_init.c.obj</name>
      </input_file>
      <input_file id="fl-c2">
         <path>/home/john/ti/ccsv8/tools/compiler/ti-cgt-arm_18.1.4.LTS/lib/</path>
         <kind>archive</kind>
         <file>rtsv7M4_T_le_v4SPD16_eabi.lib</file>
         <name>copy_decompress_none.c.obj</name>
      </input_file>
      <input_file id="fl-c3">
         <path>/home/john/ti/ccsv8/tools/compiler/ti-cgt-arm_18.1.4.LTS/lib/</path>
         <kind>archive</kind>
         <file>rtsv7M4_T_le_v4SPD16_eabi.lib</file>
         <name>copy_decompress_lzss.c.obj</name>
      </input_file>
      <input_file id="fl-c4">
         <path>/home/john/ti/ccsv8/tools/compiler/ti-cgt-arm_18.1.4.LTS/lib/</path>
         <kind>archive</kind>
         <file>rtsv7M4_T_le_v4SPD16_eabi.lib</file>
         <name>boot_cortex_m.c.obj</name>
      </input_file>
      <input_file id="fl-c5">
         <path>/home/john/ti/ccsv8/tools/compiler/ti-cgt-arm_18.1.4.LTS/lib/</path>
         <kind>archive</kind>
         <file>rtsv7M4_T_le_v4SPD16_eabi.lib</file>
         <name>exit.c.obj</name>
      </input_file>
      <input_file id="fl-c6">
         <path>/home/john/ti/ccsv8/tools/compiler/ti-cgt-arm_18.1.4.LTS/lib/</path>
         <kind>archive</kind>
         <file>rtsv7M4_T_le_v4SPD16_eabi.lib</file>
         <name>_lock.c.obj</name>
      </input_file>
      <input_file id="fl-c7">
         <path>/home/john/ti/ccsv8/tools/compiler/ti-cgt-arm_18.1.4.LTS/lib/</path>
         <kind>archive</kind>
         <file>rtsv7M4_T_le_v4SPD16_eabi.lib</file>
         <name>args_main.c.obj</name>
      </input_file>
      <input_file id="fl-c8">
         <path>/home/john/ti/ccsv8/tools/compiler/ti-cgt-arm_18.1.4.LTS/lib/</path>
         <kind>archive</kind>
         <file>rtsv7M4_T_le_v4SPD16_eabi.lib</file>
         <name>strlen.c.obj</name>
      </input_file>
      <input_file id="fl-c9">
         <path>/home/john/ti/ccsv8/tools/compiler/ti-cgt-arm_18.1.4.LTS/lib/</path>
         <kind>archive</kind>
         <file>rtsv7M4_T_le_v4SPD16_eabi.lib</file>
         <name>div0.asm.obj</name>
      </input_file>
      <input_file id="fl-ca">
         <path>/home/john/ti/ccsv8/tools/compiler/ti-cgt-arm_18.1.4.LTS/lib/</path>
         <kind>archive</kind>
         <file>rtsv7M4_T_le_v4SPD16_eabi.lib</file>
         <name>memset_t2.asm.obj</name>
      </input_file>
      <input_file id="fl-cb">
         <path>/home/john/ti/ccsv8/tools/compiler/ti-cgt-arm_18.1.4.LTS/lib/</path>
         <kind>archive</kind>
         <file>rtsv7M4_T_le_v4SPD16_eabi.lib</file>
         <name>autoinit.c.obj</name>
      </input_file>
      <input_file id="fl-cc">
         <path>/home/john/ti/ccsv8/tools/compiler/ti-cgt-arm_18.1.4.LTS/lib/</path>
         <kind>archive</kind>
         <file>rtsv7M4_T_le_v4SPD16_eabi.lib</file>
         <name>pre_init.c.obj</name>
      </input_file>
      <input_file id="fl-cd">
         <path>/home/john/ti/ccsv8/tools/compiler/ti-cgt-arm_18.1.4.LTS/lib/</path>
         <kind>archive</kind>
         <file>rtsv7M4_T_le_v4SPD16_eabi.lib</file>
         <name>cpy_tbl.c.obj</name>
      </input_file>
      <input_file id="fl-ce">
         <path>/home/john/ti/tivaware_c_series_2_1_4_178/driverlib/ccs/Debug/</path>
         <kind>archive</kind>
         <file>driverlib.lib</file>
         <name>gpio.obj</name>
      </input_file>
      <input_file id="fl-cf">
         <path>/home/john/ti/tivaware_c_series_2_1_4_178/driverlib/ccs/Debug/</path>
         <kind>archive</kind>
         <file>driverlib.lib</file>
         <name>i2c.obj</name>
      </input_file>
      <input_file id="fl-d0">
         <path>/home/john/ti/tivaware_c_series_2_1_4_178/driverlib/ccs/Debug/</path>
         <kind>archive</kind>
         <file>driverlib.lib</file>
         <name>interrupt.obj</name>
      </input_file>
      <input_file id="fl-d1">
         <path>/home/john/ti/tivaware_c_series_2_1_4_178/driverlib/ccs/Debug/</path>
         <kind>archive</kind>
         <file>driverlib.lib</file>
         <name>pwm.obj</name>
      </input_file>
      <input_file id="fl-d2">
         <path>/home/john/ti/tivaware_c_series_2_1_4_178/driverlib/ccs/Debug/</path>
         <kind>archive</kind>
         <file>driverlib.lib</file>
         <name>qei.obj</name>
      </input_file>
      <input_file id="fl-d3">
         <path>/home/john/ti/tivaware_c_series_2_1_4_178/driverlib/ccs/Debug/</path>
         <kind>archive</kind>
         <file>driverlib.lib</file>
         <name>sysctl.obj</name>
      </input_file>
      <input_file id="fl-d4">
         <path>/home/john/ti/tivaware_c_series_2_1_4_178/driverlib/ccs/Debug/</path>
         <kind>archive</kind>
         <file>driverlib.lib</file>
         <name>uart.obj</name>
      </input_file>
      <input_file id="fl-d5">
         <path>/home/john/ti/tivaware_c_series_2_1_4_178/driverlib/ccs/Debug/</path>
         <kind>archive</kind>
         <file>driverlib.lib</file>
         <name>cpu.obj</name>
      </input_file>
   </input_file_list>
   <object_component_list>
      <object_component id="oc-f">
         <name>.intvecs</name>
         <load_address>0x0</load_address>
         <run_address>0x0</run_address>
         <size>0x26c</size>
         <input_file_ref idref="fl-3"/>
      </object_component>
      <object_component id="oc-2b3">
         <name>.text:UARTvprintf</name>
         <load_address>0x26c</load_address>
         <run_address>0x26c</run_address>
         <size>0x1ea</size>
         <input_file_ref idref="fl-4"/>
      </object_component>
      <object_component id="oc-219">
         <name>.text:GPIOPadConfigSet</name>
         <load_address>0x456</load_address>
         <run_address>0x456</run_address>
         <size>0x132</size>
         <input_file_ref idref="fl-ce"/>
      </object_component>
      <object_component id="oc-18b">
         <name>.text:SysCtlClockGet</name>
         <load_address>0x588</load_address>
         <run_address>0x588</run_address>
         <size>0x110</size>
         <input_file_ref idref="fl-d3"/>
      </object_component>
      <object_component id="oc-10d">
         <name>.text:i2cSlaveInit</name>
         <load_address>0x698</load_address>
         <run_address>0x698</run_address>
         <size>0xa4</size>
         <input_file_ref idref="fl-2"/>
      </object_component>
      <object_component id="oc-50">
         <name>.text</name>
         <load_address>0x73c</load_address>
         <run_address>0x73c</run_address>
         <size>0x9c</size>
         <input_file_ref idref="fl-c0"/>
      </object_component>
      <object_component id="oc-101">
         <name>.text:uartInit</name>
         <load_address>0x7d8</load_address>
         <run_address>0x7d8</run_address>
         <size>0x70</size>
         <input_file_ref idref="fl-2"/>
      </object_component>
      <object_component id="oc-1d5">
         <name>.text:IntEnable</name>
         <load_address>0x848</load_address>
         <run_address>0x848</run_address>
         <size>0x68</size>
         <input_file_ref idref="fl-d0"/>
      </object_component>
      <object_component id="oc-12">
         <name>.text:decompress:lzss:__TI_decompress_lzss</name>
         <load_address>0x8b0</load_address>
         <run_address>0x8b0</run_address>
         <size>0x68</size>
         <input_file_ref idref="fl-c3"/>
      </object_component>
      <object_component id="oc-1db">
         <name>.text:I2C0SlaveIntHandler</name>
         <load_address>0x918</load_address>
         <run_address>0x918</run_address>
         <size>0x60</size>
         <input_file_ref idref="fl-2"/>
      </object_component>
      <object_component id="oc-197">
         <name>.text:UARTStdioConfig</name>
         <load_address>0x978</load_address>
         <run_address>0x978</run_address>
         <size>0x60</size>
         <input_file_ref idref="fl-4"/>
      </object_component>
      <object_component id="oc-185">
         <name>.text:GPIOPinConfigure</name>
         <load_address>0x9d8</load_address>
         <run_address>0x9d8</run_address>
         <size>0x48</size>
         <input_file_ref idref="fl-ce"/>
      </object_component>
      <object_component id="oc-2d3">
         <name>.text:UARTwrite</name>
         <load_address>0xa20</load_address>
         <run_address>0xa20</run_address>
         <size>0x48</size>
         <input_file_ref idref="fl-4"/>
      </object_component>
      <object_component id="oc-191">
         <name>.text:UARTConfigSetExpClk</name>
         <load_address>0xa68</load_address>
         <run_address>0xa68</run_address>
         <size>0x46</size>
         <input_file_ref idref="fl-d4"/>
      </object_component>
      <object_component id="oc-30">
         <name>.text:FaultISR</name>
         <load_address>0xaae</load_address>
         <run_address>0xaae</run_address>
         <size>0x2</size>
         <input_file_ref idref="fl-3"/>
      </object_component>
      <object_component id="oc-132">
         <name>.text:__TI_auto_init_nobinit_nopinit:__TI_auto_init_nobinit_nopinit</name>
         <load_address>0xab0</load_address>
         <run_address>0xab0</run_address>
         <size>0x44</size>
         <input_file_ref idref="fl-cb"/>
      </object_component>
      <object_component id="oc-c3">
         <name>.text:main</name>
         <load_address>0xaf4</load_address>
         <run_address>0xaf4</run_address>
         <size>0x44</size>
         <input_file_ref idref="fl-2"/>
      </object_component>
      <object_component id="oc-24a">
         <name>.text:_I2CIntNumberGet</name>
         <load_address>0xb38</load_address>
         <run_address>0xb38</run_address>
         <size>0x40</size>
         <input_file_ref idref="fl-cf"/>
      </object_component>
      <object_component id="oc-2d9">
         <name>.text</name>
         <load_address>0xb78</load_address>
         <run_address>0xb78</run_address>
         <size>0x40</size>
         <input_file_ref idref="fl-bf"/>
      </object_component>
      <object_component id="oc-179">
         <name>.text:SysCtlPeripheralReady</name>
         <load_address>0xbb8</load_address>
         <run_address>0xbb8</run_address>
         <size>0x38</size>
         <input_file_ref idref="fl-d3"/>
      </object_component>
      <object_component id="oc-6e">
         <name>.text:_c_int00_noargs:_c_int00_noargs</name>
         <load_address>0xbf0</load_address>
         <run_address>0xbf0</run_address>
         <size>0x38</size>
         <input_file_ref idref="fl-c4"/>
      </object_component>
      <object_component id="oc-1cf">
         <name>.text:IntRegister</name>
         <load_address>0xc28</load_address>
         <run_address>0xc28</run_address>
         <size>0x34</size>
         <input_file_ref idref="fl-d0"/>
      </object_component>
      <object_component id="oc-173">
         <name>.text:SysCtlPeripheralEnable</name>
         <load_address>0xc5c</load_address>
         <run_address>0xc5c</run_address>
         <size>0x34</size>
         <input_file_ref idref="fl-d3"/>
      </object_component>
      <object_component id="oc-119">
         <name>.text:delay_ms</name>
         <load_address>0xc90</load_address>
         <run_address>0xc90</run_address>
         <size>0x2c</size>
         <input_file_ref idref="fl-2"/>
      </object_component>
      <object_component id="oc-213">
         <name>.text:GPIODirModeSet</name>
         <load_address>0xcbc</load_address>
         <run_address>0xcbc</run_address>
         <size>0x2a</size>
         <input_file_ref idref="fl-ce"/>
      </object_component>
      <object_component id="oc-36">
         <name>.text:IntDefaultHandler</name>
         <load_address>0xce6</load_address>
         <run_address>0xce6</run_address>
         <size>0x2</size>
         <input_file_ref idref="fl-3"/>
      </object_component>
      <object_component id="oc-228">
         <name>.text:UARTDisable</name>
         <load_address>0xce8</load_address>
         <run_address>0xce8</run_address>
         <size>0x20</size>
         <input_file_ref idref="fl-d4"/>
      </object_component>
      <object_component id="oc-86">
         <name>.text:UARTSend</name>
         <load_address>0xd08</load_address>
         <run_address>0xd08</run_address>
         <size>0x1c</size>
         <input_file_ref idref="fl-2"/>
      </object_component>
      <object_component id="oc-107">
         <name>.text:delayInit</name>
         <load_address>0xd24</load_address>
         <run_address>0xd24</run_address>
         <size>0x1c</size>
         <input_file_ref idref="fl-2"/>
      </object_component>
      <object_component id="oc-3c">
         <name>.text:motorRightHandler</name>
         <load_address>0xd40</load_address>
         <run_address>0xd40</run_address>
         <size>0x1c</size>
         <input_file_ref idref="fl-2"/>
      </object_component>
      <object_component id="oc-1bd">
         <name>.text:I2CSlaveACKOverride</name>
         <load_address>0xd5c</load_address>
         <run_address>0xd5c</run_address>
         <size>0x1a</size>
         <input_file_ref idref="fl-cf"/>
      </object_component>
      <object_component id="oc-1b7">
         <name>.text:I2CSlaveACKValueSet</name>
         <load_address>0xd76</load_address>
         <run_address>0xd76</run_address>
         <size>0x1a</size>
         <input_file_ref idref="fl-cf"/>
      </object_component>
      <object_component id="oc-25b">
         <name>.text:UARTprintf</name>
         <load_address>0xd90</load_address>
         <run_address>0xd90</run_address>
         <size>0x1a</size>
         <input_file_ref idref="fl-4"/>
      </object_component>
      <object_component id="oc-1c3">
         <name>.text:I2CIntRegister</name>
         <load_address>0xdaa</load_address>
         <run_address>0xdaa</run_address>
         <size>0x18</size>
         <input_file_ref idref="fl-cf"/>
      </object_component>
      <object_component id="oc-22e">
         <name>.text:UARTEnable</name>
         <load_address>0xdc2</load_address>
         <run_address>0xdc2</run_address>
         <size>0x14</size>
         <input_file_ref idref="fl-d4"/>
      </object_component>
      <object_component id="oc-1a5">
         <name>.text:GPIOPinTypeI2C</name>
         <load_address>0xdd6</load_address>
         <run_address>0xdd6</run_address>
         <size>0x12</size>
         <input_file_ref idref="fl-ce"/>
      </object_component>
      <object_component id="oc-19f">
         <name>.text:GPIOPinTypeI2CSCL</name>
         <load_address>0xde8</load_address>
         <run_address>0xde8</run_address>
         <size>0x12</size>
         <input_file_ref idref="fl-ce"/>
      </object_component>
      <object_component id="oc-17f">
         <name>.text:GPIOPinTypeUART</name>
         <load_address>0xdfa</load_address>
         <run_address>0xdfa</run_address>
         <size>0x12</size>
         <input_file_ref idref="fl-ce"/>
      </object_component>
      <object_component id="oc-5c">
         <name>.text:decompress:ZI:__TI_zero_init_nomemset:__TI_zero_init_nomemset</name>
         <load_address>0xe0c</load_address>
         <run_address>0xe0c</run_address>
         <size>0x12</size>
         <input_file_ref idref="fl-c1"/>
      </object_component>
      <object_component id="oc-1ab">
         <name>.text:I2CSlaveEnable</name>
         <load_address>0xe1e</load_address>
         <run_address>0xe1e</run_address>
         <size>0x10</size>
         <input_file_ref idref="fl-cf"/>
      </object_component>
      <object_component id="oc-113">
         <name>.text:IntMasterEnable</name>
         <load_address>0xe2e</load_address>
         <run_address>0xe2e</run_address>
         <size>0x10</size>
         <input_file_ref idref="fl-d0"/>
      </object_component>
      <object_component id="oc-1b1">
         <name>.text:I2CSlaveInit</name>
         <load_address>0xe3e</load_address>
         <run_address>0xe3e</run_address>
         <size>0xe</size>
         <input_file_ref idref="fl-cf"/>
      </object_component>
      <object_component id="oc-18">
         <name>.text:decompress:none:__TI_decompress_none</name>
         <load_address>0xe4c</load_address>
         <run_address>0xe4c</run_address>
         <size>0xe</size>
         <input_file_ref idref="fl-c2"/>
      </object_component>
      <object_component id="oc-1e2">
         <name>.text:CPUcpsie</name>
         <load_address>0xe5a</load_address>
         <run_address>0xe5a</run_address>
         <size>0xc</size>
         <input_file_ref idref="fl-d5"/>
      </object_component>
      <object_component id="oc-1c9">
         <name>.text:I2CSlaveIntEnableEx</name>
         <load_address>0xe66</load_address>
         <run_address>0xe66</run_address>
         <size>0xc</size>
         <input_file_ref idref="fl-cf"/>
      </object_component>
      <object_component id="oc-d5">
         <name>.text:UARTCharPut</name>
         <load_address>0xe72</load_address>
         <run_address>0xe72</run_address>
         <size>0xa</size>
         <input_file_ref idref="fl-d4"/>
      </object_component>
      <object_component id="oc-261">
         <name>.text:I2CSlaveIntClear</name>
         <load_address>0xe7c</load_address>
         <run_address>0xe7c</run_address>
         <size>0x8</size>
         <input_file_ref idref="fl-cf"/>
      </object_component>
      <object_component id="oc-8c">
         <name>.text:GPIOIntClear</name>
         <load_address>0xe84</load_address>
         <run_address>0xe84</run_address>
         <size>0x6</size>
         <input_file_ref idref="fl-ce"/>
      </object_component>
      <object_component id="oc-24">
         <name>.text:ResetISR</name>
         <load_address>0xe8a</load_address>
         <run_address>0xe8a</run_address>
         <size>0x6</size>
         <input_file_ref idref="fl-3"/>
      </object_component>
      <object_component id="oc-bd">
         <name>.text:_system_pre_init</name>
         <load_address>0xe90</load_address>
         <run_address>0xe90</run_address>
         <size>0x4</size>
         <input_file_ref idref="fl-cc"/>
      </object_component>
      <object_component id="oc-126">
         <name>.text:abort:abort</name>
         <load_address>0xe94</load_address>
         <run_address>0xe94</run_address>
         <size>0x4</size>
         <input_file_ref idref="fl-c5"/>
      </object_component>
      <object_component id="oc-2a">
         <name>.text:NmiSR</name>
         <load_address>0xe98</load_address>
         <run_address>0xe98</run_address>
         <size>0x2</size>
         <input_file_ref idref="fl-3"/>
      </object_component>
      <object_component id="oc-2e0">
         <name>.text</name>
         <load_address>0xe9a</load_address>
         <run_address>0xe9a</run_address>
         <size>0x2</size>
         <input_file_ref idref="fl-c9"/>
      </object_component>
      <object_component id="oc-220">
         <name>.const:g_pui32GPIOBaseAddrs</name>
         <load_address>0xe9c</load_address>
         <run_address>0xe9c</run_address>
         <size>0x90</size>
         <input_file_ref idref="fl-ce"/>
      </object_component>
      <object_component id="oc-257">
         <name>.const</name>
         <load_address>0xf2c</load_address>
         <run_address>0xf2c</run_address>
         <size>0x70</size>
         <input_file_ref idref="fl-d0"/>
      </object_component>
      <object_component id="oc-224">
         <name>.const:g_pui32Xtals</name>
         <load_address>0xf9c</load_address>
         <run_address>0xf9c</run_address>
         <size>0x6c</size>
         <input_file_ref idref="fl-d3"/>
      </object_component>
      <object_component id="oc-2a9">
         <name>.const:g_ppui32I2CIntMapSnowflake</name>
         <load_address>0x1008</load_address>
         <run_address>0x1008</run_address>
         <size>0x50</size>
         <input_file_ref idref="fl-cf"/>
      </object_component>
      <object_component id="oc-2a6">
         <name>.const:g_ppui32I2CIntMap</name>
         <load_address>0x1058</load_address>
         <run_address>0x1058</run_address>
         <size>0x30</size>
         <input_file_ref idref="fl-cf"/>
      </object_component>
      <object_component id="oc-11f">
         <name>.const:.string:$P$T0$1</name>
         <load_address>0x1088</load_address>
         <run_address>0x1088</run_address>
         <size>0x2c</size>
         <input_file_ref idref="fl-2"/>
      </object_component>
      <object_component id="oc-238">
         <name>.const:g_ui32UARTBase</name>
         <load_address>0x10b4</load_address>
         <run_address>0x10b4</run_address>
         <size>0xc</size>
         <input_file_ref idref="fl-4"/>
      </object_component>
      <object_component id="oc-235">
         <name>.const:g_ui32UARTPeriph</name>
         <load_address>0x10c0</load_address>
         <run_address>0x10c0</run_address>
         <size>0xc</size>
         <input_file_ref idref="fl-4"/>
      </object_component>
      <object_component id="oc-122">
         <name>.const:.string:$P$T1$2</name>
         <load_address>0x10cc</load_address>
         <run_address>0x10cc</run_address>
         <size>0x3</size>
         <input_file_ref idref="fl-2"/>
      </object_component>
      <object_component id="oc-30e">
         <name>__TI_handler_table</name>
         <load_address>0x10d0</load_address>
         <run_address>0x10d0</run_address>
         <size>0xc</size>
      </object_component>
      <object_component id="oc-311">
         <name>.cinit..data.load</name>
         <load_address>0x10dc</load_address>
         <run_address>0x10dc</run_address>
         <size>0xb</size>
      </object_component>
      <object_component id="oc-312">
         <name>.cinit..bss.load</name>
         <load_address>0x10e8</load_address>
         <run_address>0x10e8</run_address>
         <size>0x8</size>
      </object_component>
      <object_component id="oc-310">
         <name>.cinit..vtable.load</name>
         <load_address>0x10f0</load_address>
         <run_address>0x10f0</run_address>
         <size>0x8</size>
      </object_component>
      <object_component id="oc-30f">
         <name>__TI_cinit_table</name>
         <load_address>0x10f8</load_address>
         <run_address>0x10f8</run_address>
         <size>0x18</size>
      </object_component>
      <object_component id="oc-252">
         <name>.vtable</name>
         <uninitialized>true</uninitialized>
         <run_address>0x20000000</run_address>
         <size>0x26c</size>
         <input_file_ref idref="fl-d0"/>
      </object_component>
      <object_component id="oc-92">
         <name>.data:meh</name>
         <load_address>0x20000375</load_address>
         <run_address>0x20000375</run_address>
         <size>0x4</size>
         <input_file_ref idref="fl-2"/>
      </object_component>
      <object_component id="oc-23b">
         <name>.data</name>
         <load_address>0x20000370</load_address>
         <run_address>0x20000370</run_address>
         <size>0x5</size>
         <input_file_ref idref="fl-4"/>
      </object_component>
      <object_component id="oc-267">
         <name>.common:dataRx</name>
         <uninitialized>true</uninitialized>
         <run_address>0x2000026c</run_address>
         <size>0x1</size>
      </object_component>
      <object_component id="oc-21">
         <name>.stack</name>
         <uninitialized>true</uninitialized>
         <run_address>0x20000270</run_address>
         <size>0x4</size>
         <input_file_ref idref="fl-c4"/>
      </object_component>
      <object_component id="oc-313">
         <name>.stack</name>
         <uninitialized>true</uninitialized>
         <run_address>0x20000270</run_address>
         <size>0x0</size>
      </object_component>
      <object_component id="oc-dc">
         <name>.debug_info</name>
         <load_address>0x0</load_address>
         <run_address>0x0</run_address>
         <size>0xd7d</size>
         <input_file_ref idref="fl-2"/>
      </object_component>
      <object_component id="oc-93">
         <name>.debug_info</name>
         <load_address>0xd7d</load_address>
         <run_address>0xd7d</run_address>
         <size>0xbd</size>
         <input_file_ref idref="fl-2"/>
      </object_component>
      <object_component id="oc-120">
         <name>.debug_info</name>
         <load_address>0xe3a</load_address>
         <run_address>0xe3a</run_address>
         <size>0xc5</size>
         <input_file_ref idref="fl-2"/>
      </object_component>
      <object_component id="oc-123">
         <name>.debug_info</name>
         <load_address>0xeff</load_address>
         <run_address>0xeff</run_address>
         <size>0xc5</size>
         <input_file_ref idref="fl-2"/>
      </object_component>
      <object_component id="oc-102">
         <name>.debug_info</name>
         <load_address>0xfc4</load_address>
         <run_address>0xfc4</run_address>
         <size>0x1f4</size>
         <input_file_ref idref="fl-2"/>
      </object_component>
      <object_component id="oc-87">
         <name>.debug_info</name>
         <load_address>0x11b8</load_address>
         <run_address>0x11b8</run_address>
         <size>0x145</size>
         <input_file_ref idref="fl-2"/>
      </object_component>
      <object_component id="oc-3d">
         <name>.debug_info</name>
         <load_address>0x12fd</load_address>
         <run_address>0x12fd</run_address>
         <size>0x12d</size>
         <input_file_ref idref="fl-2"/>
      </object_component>
      <object_component id="oc-108">
         <name>.debug_info</name>
         <load_address>0x142a</load_address>
         <run_address>0x142a</run_address>
         <size>0xf5</size>
         <input_file_ref idref="fl-2"/>
      </object_component>
      <object_component id="oc-10e">
         <name>.debug_info</name>
         <load_address>0x151f</load_address>
         <run_address>0x151f</run_address>
         <size>0x27e</size>
         <input_file_ref idref="fl-2"/>
      </object_component>
      <object_component id="oc-11a">
         <name>.debug_info</name>
         <load_address>0x179d</load_address>
         <run_address>0x179d</run_address>
         <size>0x109</size>
         <input_file_ref idref="fl-2"/>
      </object_component>
      <object_component id="oc-c4">
         <name>.debug_info</name>
         <load_address>0x18a6</load_address>
         <run_address>0x18a6</run_address>
         <size>0x195</size>
         <input_file_ref idref="fl-2"/>
      </object_component>
      <object_component id="oc-1dc">
         <name>.debug_info</name>
         <load_address>0x1a3b</load_address>
         <run_address>0x1a3b</run_address>
         <size>0x14b</size>
         <input_file_ref idref="fl-2"/>
      </object_component>
      <object_component id="oc-168">
         <name>.debug_info</name>
         <load_address>0x1b86</load_address>
         <run_address>0x1b86</run_address>
         <size>0xbb</size>
         <input_file_ref idref="fl-2"/>
      </object_component>
      <object_component id="oc-98">
         <name>.debug_info</name>
         <load_address>0x1c41</load_address>
         <run_address>0x1c41</run_address>
         <size>0x26b</size>
         <input_file_ref idref="fl-2"/>
      </object_component>
      <object_component id="oc-ec">
         <name>.debug_info</name>
         <load_address>0x1eac</load_address>
         <run_address>0x1eac</run_address>
         <size>0x8b</size>
         <input_file_ref idref="fl-2"/>
      </object_component>
      <object_component id="oc-e7">
         <name>.debug_info</name>
         <load_address>0x1f37</load_address>
         <run_address>0x1f37</run_address>
         <size>0x297</size>
         <input_file_ref idref="fl-2"/>
      </object_component>
      <object_component id="oc-9d">
         <name>.debug_info</name>
         <load_address>0x21ce</load_address>
         <run_address>0x21ce</run_address>
         <size>0xbb</size>
         <input_file_ref idref="fl-2"/>
      </object_component>
      <object_component id="oc-16c">
         <name>.debug_info</name>
         <load_address>0x2289</load_address>
         <run_address>0x2289</run_address>
         <size>0xcc</size>
         <input_file_ref idref="fl-2"/>
      </object_component>
      <object_component id="oc-2ba">
         <name>.debug_info</name>
         <load_address>0x2355</load_address>
         <run_address>0x2355</run_address>
         <size>0x2c</size>
         <input_file_ref idref="fl-2"/>
      </object_component>
      <object_component id="oc-44">
         <name>.debug_info</name>
         <load_address>0x2381</load_address>
         <run_address>0x2381</run_address>
         <size>0x2bd</size>
         <input_file_ref idref="fl-3"/>
      </object_component>
      <object_component id="oc-10">
         <name>.debug_info</name>
         <load_address>0x263e</load_address>
         <run_address>0x263e</run_address>
         <size>0xd2</size>
         <input_file_ref idref="fl-3"/>
      </object_component>
      <object_component id="oc-25">
         <name>.debug_info</name>
         <load_address>0x2710</load_address>
         <run_address>0x2710</run_address>
         <size>0x102</size>
         <input_file_ref idref="fl-3"/>
      </object_component>
      <object_component id="oc-2b">
         <name>.debug_info</name>
         <load_address>0x2812</load_address>
         <run_address>0x2812</run_address>
         <size>0xf1</size>
         <input_file_ref idref="fl-3"/>
      </object_component>
      <object_component id="oc-37">
         <name>.debug_info</name>
         <load_address>0x2903</load_address>
         <run_address>0x2903</run_address>
         <size>0x10b</size>
         <input_file_ref idref="fl-3"/>
      </object_component>
      <object_component id="oc-31">
         <name>.debug_info</name>
         <load_address>0x2a0e</load_address>
         <run_address>0x2a0e</run_address>
         <size>0xf9</size>
         <input_file_ref idref="fl-3"/>
      </object_component>
      <object_component id="oc-4b">
         <name>.debug_info</name>
         <load_address>0x2b07</load_address>
         <run_address>0x2b07</run_address>
         <size>0x84</size>
         <input_file_ref idref="fl-3"/>
      </object_component>
      <object_component id="oc-242">
         <name>.debug_info</name>
         <load_address>0x2b8b</load_address>
         <run_address>0x2b8b</run_address>
         <size>0x28a</size>
         <input_file_ref idref="fl-4"/>
      </object_component>
      <object_component id="oc-23c">
         <name>.debug_info</name>
         <load_address>0x2e15</load_address>
         <run_address>0x2e15</run_address>
         <size>0xcb</size>
         <input_file_ref idref="fl-4"/>
      </object_component>
      <object_component id="oc-239">
         <name>.debug_info</name>
         <load_address>0x2ee0</load_address>
         <run_address>0x2ee0</run_address>
         <size>0xd3</size>
         <input_file_ref idref="fl-4"/>
      </object_component>
      <object_component id="oc-236">
         <name>.debug_info</name>
         <load_address>0x2fb3</load_address>
         <run_address>0x2fb3</run_address>
         <size>0xd7</size>
         <input_file_ref idref="fl-4"/>
      </object_component>
      <object_component id="oc-2d4">
         <name>.debug_info</name>
         <load_address>0x308a</load_address>
         <run_address>0x308a</run_address>
         <size>0x178</size>
         <input_file_ref idref="fl-4"/>
      </object_component>
      <object_component id="oc-2b4">
         <name>.debug_info</name>
         <load_address>0x3202</load_address>
         <run_address>0x3202</run_address>
         <size>0x2aa</size>
         <input_file_ref idref="fl-4"/>
      </object_component>
      <object_component id="oc-25c">
         <name>.debug_info</name>
         <load_address>0x34ac</load_address>
         <run_address>0x34ac</run_address>
         <size>0x145</size>
         <input_file_ref idref="fl-4"/>
      </object_component>
      <object_component id="oc-23e">
         <name>.debug_info</name>
         <load_address>0x35f1</load_address>
         <run_address>0x35f1</run_address>
         <size>0x1c3</size>
         <input_file_ref idref="fl-4"/>
      </object_component>
      <object_component id="oc-198">
         <name>.debug_info</name>
         <load_address>0x37b4</load_address>
         <run_address>0x37b4</run_address>
         <size>0x1db</size>
         <input_file_ref idref="fl-4"/>
      </object_component>
      <object_component id="oc-2da">
         <name>.debug_info</name>
         <load_address>0x398f</load_address>
         <run_address>0x398f</run_address>
         <size>0x145</size>
         <input_file_ref idref="fl-bf"/>
      </object_component>
      <object_component id="oc-51">
         <name>.debug_info</name>
         <load_address>0x3ad4</load_address>
         <run_address>0x3ad4</run_address>
         <size>0x11c</size>
         <input_file_ref idref="fl-c0"/>
      </object_component>
      <object_component id="oc-b6">
         <name>.debug_info</name>
         <load_address>0x3bf0</load_address>
         <run_address>0x3bf0</run_address>
         <size>0x31e</size>
         <input_file_ref idref="fl-c1"/>
      </object_component>
      <object_component id="oc-5d">
         <name>.debug_info</name>
         <load_address>0x3f0e</load_address>
         <run_address>0x3f0e</run_address>
         <size>0x1bf</size>
         <input_file_ref idref="fl-c1"/>
      </object_component>
      <object_component id="oc-b1">
         <name>.debug_info</name>
         <load_address>0x40cd</load_address>
         <run_address>0x40cd</run_address>
         <size>0x46</size>
         <input_file_ref idref="fl-c1"/>
      </object_component>
      <object_component id="oc-f8">
         <name>.debug_info</name>
         <load_address>0x4113</load_address>
         <run_address>0x4113</run_address>
         <size>0x2c</size>
         <input_file_ref idref="fl-c1"/>
      </object_component>
      <object_component id="oc-5b">
         <name>.debug_info</name>
         <load_address>0x413f</load_address>
         <run_address>0x413f</run_address>
         <size>0x2a8</size>
         <input_file_ref idref="fl-c2"/>
      </object_component>
      <object_component id="oc-19">
         <name>.debug_info</name>
         <load_address>0x43e7</load_address>
         <run_address>0x43e7</run_address>
         <size>0x1ea</size>
         <input_file_ref idref="fl-c2"/>
      </object_component>
      <object_component id="oc-56">
         <name>.debug_info</name>
         <load_address>0x45d1</load_address>
         <run_address>0x45d1</run_address>
         <size>0x46</size>
         <input_file_ref idref="fl-c2"/>
      </object_component>
      <object_component id="oc-a9">
         <name>.debug_info</name>
         <load_address>0x4617</load_address>
         <run_address>0x4617</run_address>
         <size>0x2c</size>
         <input_file_ref idref="fl-c2"/>
      </object_component>
      <object_component id="oc-a7">
         <name>.debug_info</name>
         <load_address>0x4643</load_address>
         <run_address>0x4643</run_address>
         <size>0x29e</size>
         <input_file_ref idref="fl-c3"/>
      </object_component>
      <object_component id="oc-13">
         <name>.debug_info</name>
         <load_address>0x48e1</load_address>
         <run_address>0x48e1</run_address>
         <size>0x250</size>
         <input_file_ref idref="fl-c3"/>
      </object_component>
      <object_component id="oc-46">
         <name>.debug_info</name>
         <load_address>0x4b31</load_address>
         <run_address>0x4b31</run_address>
         <size>0x60</size>
         <input_file_ref idref="fl-c3"/>
      </object_component>
      <object_component id="oc-f1">
         <name>.debug_info</name>
         <load_address>0x4b91</load_address>
         <run_address>0x4b91</run_address>
         <size>0x46</size>
         <input_file_ref idref="fl-c3"/>
      </object_component>
      <object_component id="oc-a2">
         <name>.debug_info</name>
         <load_address>0x4bd7</load_address>
         <run_address>0x4bd7</run_address>
         <size>0x39</size>
         <input_file_ref idref="fl-c3"/>
      </object_component>
      <object_component id="oc-22">
         <name>.debug_info</name>
         <load_address>0x4c10</load_address>
         <run_address>0x4c10</run_address>
         <size>0x10b</size>
         <input_file_ref idref="fl-c4"/>
      </object_component>
      <object_component id="oc-6f">
         <name>.debug_info</name>
         <load_address>0x4d1b</load_address>
         <run_address>0x4d1b</run_address>
         <size>0x1af</size>
         <input_file_ref idref="fl-c4"/>
      </object_component>
      <object_component id="oc-127">
         <name>.debug_info</name>
         <load_address>0x4eca</load_address>
         <run_address>0x4eca</run_address>
         <size>0x122</size>
         <input_file_ref idref="fl-c5"/>
      </object_component>
      <object_component id="oc-2e1">
         <name>.debug_info</name>
         <load_address>0x4fec</load_address>
         <run_address>0x4fec</run_address>
         <size>0x118</size>
         <input_file_ref idref="fl-c9"/>
      </object_component>
      <object_component id="oc-1f9">
         <name>.debug_info</name>
         <load_address>0x5104</load_address>
         <run_address>0x5104</run_address>
         <size>0x552</size>
         <input_file_ref idref="fl-cb"/>
      </object_component>
      <object_component id="oc-133">
         <name>.debug_info</name>
         <load_address>0x5656</load_address>
         <run_address>0x5656</run_address>
         <size>0x1a6</size>
         <input_file_ref idref="fl-cb"/>
      </object_component>
      <object_component id="oc-27a">
         <name>.debug_info</name>
         <load_address>0x57fc</load_address>
         <run_address>0x57fc</run_address>
         <size>0x39</size>
         <input_file_ref idref="fl-cb"/>
      </object_component>
      <object_component id="oc-2c3">
         <name>.debug_info</name>
         <load_address>0x5835</load_address>
         <run_address>0x5835</run_address>
         <size>0x39</size>
         <input_file_ref idref="fl-cb"/>
      </object_component>
      <object_component id="oc-27f">
         <name>.debug_info</name>
         <load_address>0x586e</load_address>
         <run_address>0x586e</run_address>
         <size>0x39</size>
         <input_file_ref idref="fl-cb"/>
      </object_component>
      <object_component id="oc-284">
         <name>.debug_info</name>
         <load_address>0x58a7</load_address>
         <run_address>0x58a7</run_address>
         <size>0xcd</size>
         <input_file_ref idref="fl-cb"/>
      </object_component>
      <object_component id="oc-be">
         <name>.debug_info</name>
         <load_address>0x5974</load_address>
         <run_address>0x5974</run_address>
         <size>0x153</size>
         <input_file_ref idref="fl-cc"/>
      </object_component>
      <object_component id="oc-e4">
         <name>.debug_info</name>
         <load_address>0x5ac7</load_address>
         <run_address>0x5ac7</run_address>
         <size>0x240</size>
         <input_file_ref idref="fl-ce"/>
      </object_component>
      <object_component id="oc-221">
         <name>.debug_info</name>
         <load_address>0x5d07</load_address>
         <run_address>0x5d07</run_address>
         <size>0x15b</size>
         <input_file_ref idref="fl-ce"/>
      </object_component>
      <object_component id="oc-214">
         <name>.debug_info</name>
         <load_address>0x5e62</load_address>
         <run_address>0x5e62</run_address>
         <size>0x2b3</size>
         <input_file_ref idref="fl-ce"/>
      </object_component>
      <object_component id="oc-21a">
         <name>.debug_info</name>
         <load_address>0x6115</load_address>
         <run_address>0x6115</run_address>
         <size>0x316</size>
         <input_file_ref idref="fl-ce"/>
      </object_component>
      <object_component id="oc-180">
         <name>.debug_info</name>
         <load_address>0x642b</load_address>
         <run_address>0x642b</run_address>
         <size>0x27b</size>
         <input_file_ref idref="fl-ce"/>
      </object_component>
      <object_component id="oc-1a0">
         <name>.debug_info</name>
         <load_address>0x66a6</load_address>
         <run_address>0x66a6</run_address>
         <size>0x27f</size>
         <input_file_ref idref="fl-ce"/>
      </object_component>
      <object_component id="oc-1a6">
         <name>.debug_info</name>
         <load_address>0x6925</load_address>
         <run_address>0x6925</run_address>
         <size>0x279</size>
         <input_file_ref idref="fl-ce"/>
      </object_component>
      <object_component id="oc-186">
         <name>.debug_info</name>
         <load_address>0x6b9e</load_address>
         <run_address>0x6b9e</run_address>
         <size>0x280</size>
         <input_file_ref idref="fl-ce"/>
      </object_component>
      <object_component id="oc-8d">
         <name>.debug_info</name>
         <load_address>0x6e1e</load_address>
         <run_address>0x6e1e</run_address>
         <size>0x28d</size>
         <input_file_ref idref="fl-ce"/>
      </object_component>
      <object_component id="oc-df">
         <name>.debug_info</name>
         <load_address>0x70ab</load_address>
         <run_address>0x70ab</run_address>
         <size>0x18b</size>
         <input_file_ref idref="fl-ce"/>
      </object_component>
      <object_component id="oc-246">
         <name>.debug_info</name>
         <load_address>0x7236</load_address>
         <run_address>0x7236</run_address>
         <size>0x231</size>
         <input_file_ref idref="fl-cf"/>
      </object_component>
      <object_component id="oc-2a7">
         <name>.debug_info</name>
         <load_address>0x7467</load_address>
         <run_address>0x7467</run_address>
         <size>0x154</size>
         <input_file_ref idref="fl-cf"/>
      </object_component>
      <object_component id="oc-2aa">
         <name>.debug_info</name>
         <load_address>0x75bb</load_address>
         <run_address>0x75bb</run_address>
         <size>0x166</size>
         <input_file_ref idref="fl-cf"/>
      </object_component>
      <object_component id="oc-1cb">
         <name>.debug_info</name>
         <load_address>0x7721</load_address>
         <run_address>0x7721</run_address>
         <size>0x298</size>
         <input_file_ref idref="fl-cf"/>
      </object_component>
      <object_component id="oc-263">
         <name>.debug_info</name>
         <load_address>0x79b9</load_address>
         <run_address>0x79b9</run_address>
         <size>0x250</size>
         <input_file_ref idref="fl-cf"/>
      </object_component>
      <object_component id="oc-1ad">
         <name>.debug_info</name>
         <load_address>0x7c09</load_address>
         <run_address>0x7c09</run_address>
         <size>0x24c</size>
         <input_file_ref idref="fl-cf"/>
      </object_component>
      <object_component id="oc-1b3">
         <name>.debug_info</name>
         <load_address>0x7e55</load_address>
         <run_address>0x7e55</run_address>
         <size>0x29f</size>
         <input_file_ref idref="fl-cf"/>
      </object_component>
      <object_component id="oc-1b8">
         <name>.debug_info</name>
         <load_address>0x80f4</load_address>
         <run_address>0x80f4</run_address>
         <size>0x278</size>
         <input_file_ref idref="fl-cf"/>
      </object_component>
      <object_component id="oc-1be">
         <name>.debug_info</name>
         <load_address>0x836c</load_address>
         <run_address>0x836c</run_address>
         <size>0x284</size>
         <input_file_ref idref="fl-cf"/>
      </object_component>
      <object_component id="oc-24c">
         <name>.debug_info</name>
         <load_address>0x85f0</load_address>
         <run_address>0x85f0</run_address>
         <size>0x28c</size>
         <input_file_ref idref="fl-cf"/>
      </object_component>
      <object_component id="oc-1c5">
         <name>.debug_info</name>
         <load_address>0x887c</load_address>
         <run_address>0x887c</run_address>
         <size>0x2bd</size>
         <input_file_ref idref="fl-cf"/>
      </object_component>
      <object_component id="oc-256">
         <name>.debug_info</name>
         <load_address>0x8b39</load_address>
         <run_address>0x8b39</run_address>
         <size>0x20e</size>
         <input_file_ref idref="fl-d0"/>
      </object_component>
      <object_component id="oc-258">
         <name>.debug_info</name>
         <load_address>0x8d47</load_address>
         <run_address>0x8d47</run_address>
         <size>0x210</size>
         <input_file_ref idref="fl-d0"/>
      </object_component>
      <object_component id="oc-253">
         <name>.debug_info</name>
         <load_address>0x8f57</load_address>
         <run_address>0x8f57</run_address>
         <size>0x157</size>
         <input_file_ref idref="fl-d0"/>
      </object_component>
      <object_component id="oc-1d0">
         <name>.debug_info</name>
         <load_address>0x90ae</load_address>
         <run_address>0x90ae</run_address>
         <size>0x2c1</size>
         <input_file_ref idref="fl-d0"/>
      </object_component>
      <object_component id="oc-114">
         <name>.debug_info</name>
         <load_address>0x936f</load_address>
         <run_address>0x936f</run_address>
         <size>0x23e</size>
         <input_file_ref idref="fl-d0"/>
      </object_component>
      <object_component id="oc-1d6">
         <name>.debug_info</name>
         <load_address>0x95ad</load_address>
         <run_address>0x95ad</run_address>
         <size>0x268</size>
         <input_file_ref idref="fl-d0"/>
      </object_component>
      <object_component id="oc-211">
         <name>.debug_info</name>
         <load_address>0x9815</load_address>
         <run_address>0x9815</run_address>
         <size>0x298</size>
         <input_file_ref idref="fl-d3"/>
      </object_component>
      <object_component id="oc-225">
         <name>.debug_info</name>
         <load_address>0x9aad</load_address>
         <run_address>0x9aad</run_address>
         <size>0x14d</size>
         <input_file_ref idref="fl-d3"/>
      </object_component>
      <object_component id="oc-17a">
         <name>.debug_info</name>
         <load_address>0x9bfa</load_address>
         <run_address>0x9bfa</run_address>
         <size>0x27f</size>
         <input_file_ref idref="fl-d3"/>
      </object_component>
      <object_component id="oc-174">
         <name>.debug_info</name>
         <load_address>0x9e79</load_address>
         <run_address>0x9e79</run_address>
         <size>0x27d</size>
         <input_file_ref idref="fl-d3"/>
      </object_component>
      <object_component id="oc-18c">
         <name>.debug_info</name>
         <load_address>0xa0f6</load_address>
         <run_address>0xa0f6</run_address>
         <size>0x2b5</size>
         <input_file_ref idref="fl-d3"/>
      </object_component>
      <object_component id="oc-28d">
         <name>.debug_info</name>
         <load_address>0xa3ab</load_address>
         <run_address>0xa3ab</run_address>
         <size>0x5f</size>
         <input_file_ref idref="fl-d3"/>
      </object_component>
      <object_component id="oc-165">
         <name>.debug_info</name>
         <load_address>0xa40a</load_address>
         <run_address>0xa40a</run_address>
         <size>0x227</size>
         <input_file_ref idref="fl-d4"/>
      </object_component>
      <object_component id="oc-22f">
         <name>.debug_info</name>
         <load_address>0xa631</load_address>
         <run_address>0xa631</run_address>
         <size>0x247</size>
         <input_file_ref idref="fl-d4"/>
      </object_component>
      <object_component id="oc-229">
         <name>.debug_info</name>
         <load_address>0xa878</load_address>
         <run_address>0xa878</run_address>
         <size>0x249</size>
         <input_file_ref idref="fl-d4"/>
      </object_component>
      <object_component id="oc-192">
         <name>.debug_info</name>
         <load_address>0xaac1</load_address>
         <run_address>0xaac1</run_address>
         <size>0x326</size>
         <input_file_ref idref="fl-d4"/>
      </object_component>
      <object_component id="oc-d6">
         <name>.debug_info</name>
         <load_address>0xade7</load_address>
         <run_address>0xade7</run_address>
         <size>0x273</size>
         <input_file_ref idref="fl-d4"/>
      </object_component>
      <object_component id="oc-1e3">
         <name>.debug_info</name>
         <load_address>0xb05a</load_address>
         <run_address>0xb05a</run_address>
         <size>0x212</size>
         <input_file_ref idref="fl-d5"/>
      </object_component>
      <object_component id="oc-314">
         <name>.debug_info</name>
         <load_address>0xb26c</load_address>
         <run_address>0xb26c</run_address>
         <size>0x95</size>
      </object_component>
      <object_component id="oc-167">
         <name>.debug_line</name>
         <load_address>0x0</load_address>
         <run_address>0x0</run_address>
         <size>0x25a</size>
         <input_file_ref idref="fl-2"/>
      </object_component>
      <object_component id="oc-e6">
         <name>.debug_line</name>
         <load_address>0x25a</load_address>
         <run_address>0x25a</run_address>
         <size>0x31</size>
         <input_file_ref idref="fl-2"/>
      </object_component>
      <object_component id="oc-1eb">
         <name>.debug_line</name>
         <load_address>0x28b</load_address>
         <run_address>0x28b</run_address>
         <size>0x31</size>
         <input_file_ref idref="fl-2"/>
      </object_component>
      <object_component id="oc-1ed">
         <name>.debug_line</name>
         <load_address>0x2bc</load_address>
         <run_address>0x2bc</run_address>
         <size>0x31</size>
         <input_file_ref idref="fl-2"/>
      </object_component>
      <object_component id="oc-105">
         <name>.debug_line</name>
         <load_address>0x2ed</load_address>
         <run_address>0x2ed</run_address>
         <size>0x5a</size>
         <input_file_ref idref="fl-2"/>
      </object_component>
      <object_component id="oc-8a">
         <name>.debug_line</name>
         <load_address>0x347</load_address>
         <run_address>0x347</run_address>
         <size>0x4c</size>
         <input_file_ref idref="fl-2"/>
      </object_component>
      <object_component id="oc-40">
         <name>.debug_line</name>
         <load_address>0x393</load_address>
         <run_address>0x393</run_address>
         <size>0x49</size>
         <input_file_ref idref="fl-2"/>
      </object_component>
      <object_component id="oc-10b">
         <name>.debug_line</name>
         <load_address>0x3dc</load_address>
         <run_address>0x3dc</run_address>
         <size>0x45</size>
         <input_file_ref idref="fl-2"/>
      </object_component>
      <object_component id="oc-111">
         <name>.debug_line</name>
         <load_address>0x421</load_address>
         <run_address>0x421</run_address>
         <size>0x63</size>
         <input_file_ref idref="fl-2"/>
      </object_component>
      <object_component id="oc-11d">
         <name>.debug_line</name>
         <load_address>0x484</load_address>
         <run_address>0x484</run_address>
         <size>0x53</size>
         <input_file_ref idref="fl-2"/>
      </object_component>
      <object_component id="oc-c7">
         <name>.debug_line</name>
         <load_address>0x4d7</load_address>
         <run_address>0x4d7</run_address>
         <size>0x5c</size>
         <input_file_ref idref="fl-2"/>
      </object_component>
      <object_component id="oc-1df">
         <name>.debug_line</name>
         <load_address>0x533</load_address>
         <run_address>0x533</run_address>
         <size>0x54</size>
         <input_file_ref idref="fl-2"/>
      </object_component>
      <object_component id="oc-16a">
         <name>.debug_line</name>
         <load_address>0x587</load_address>
         <run_address>0x587</run_address>
         <size>0x34</size>
         <input_file_ref idref="fl-2"/>
      </object_component>
      <object_component id="oc-9b">
         <name>.debug_line</name>
         <load_address>0x5bb</load_address>
         <run_address>0x5bb</run_address>
         <size>0x71</size>
         <input_file_ref idref="fl-2"/>
      </object_component>
      <object_component id="oc-ef">
         <name>.debug_line</name>
         <load_address>0x62c</load_address>
         <run_address>0x62c</run_address>
         <size>0x20</size>
         <input_file_ref idref="fl-2"/>
      </object_component>
      <object_component id="oc-ea">
         <name>.debug_line</name>
         <load_address>0x64c</load_address>
         <run_address>0x64c</run_address>
         <size>0x75</size>
         <input_file_ref idref="fl-2"/>
      </object_component>
      <object_component id="oc-a0">
         <name>.debug_line</name>
         <load_address>0x6c1</load_address>
         <run_address>0x6c1</run_address>
         <size>0x72</size>
         <input_file_ref idref="fl-2"/>
      </object_component>
      <object_component id="oc-16f">
         <name>.debug_line</name>
         <load_address>0x733</load_address>
         <run_address>0x733</run_address>
         <size>0x6c</size>
         <input_file_ref idref="fl-2"/>
      </object_component>
      <object_component id="oc-2bd">
         <name>.debug_line</name>
         <load_address>0x79f</load_address>
         <run_address>0x79f</run_address>
         <size>0x6d</size>
         <input_file_ref idref="fl-2"/>
      </object_component>
      <object_component id="oc-97">
         <name>.debug_line</name>
         <load_address>0x80c</load_address>
         <run_address>0x80c</run_address>
         <size>0x34</size>
         <input_file_ref idref="fl-3"/>
      </object_component>
      <object_component id="oc-43">
         <name>.debug_line</name>
         <load_address>0x840</load_address>
         <run_address>0x840</run_address>
         <size>0x34</size>
         <input_file_ref idref="fl-3"/>
      </object_component>
      <object_component id="oc-28">
         <name>.debug_line</name>
         <load_address>0x874</load_address>
         <run_address>0x874</run_address>
         <size>0x46</size>
         <input_file_ref idref="fl-3"/>
      </object_component>
      <object_component id="oc-2e">
         <name>.debug_line</name>
         <load_address>0x8ba</load_address>
         <run_address>0x8ba</run_address>
         <size>0x49</size>
         <input_file_ref idref="fl-3"/>
      </object_component>
      <object_component id="oc-3a">
         <name>.debug_line</name>
         <load_address>0x903</load_address>
         <run_address>0x903</run_address>
         <size>0x49</size>
         <input_file_ref idref="fl-3"/>
      </object_component>
      <object_component id="oc-34">
         <name>.debug_line</name>
         <load_address>0x94c</load_address>
         <run_address>0x94c</run_address>
         <size>0x49</size>
         <input_file_ref idref="fl-3"/>
      </object_component>
      <object_component id="oc-4e">
         <name>.debug_line</name>
         <load_address>0x995</load_address>
         <run_address>0x995</run_address>
         <size>0x20</size>
         <input_file_ref idref="fl-3"/>
      </object_component>
      <object_component id="oc-2a3">
         <name>.debug_line</name>
         <load_address>0x9b5</load_address>
         <run_address>0x9b5</run_address>
         <size>0x20</size>
         <input_file_ref idref="fl-4"/>
      </object_component>
      <object_component id="oc-29f">
         <name>.debug_line</name>
         <load_address>0x9d5</load_address>
         <run_address>0x9d5</run_address>
         <size>0x32</size>
         <input_file_ref idref="fl-4"/>
      </object_component>
      <object_component id="oc-29d">
         <name>.debug_line</name>
         <load_address>0xa07</load_address>
         <run_address>0xa07</run_address>
         <size>0x32</size>
         <input_file_ref idref="fl-4"/>
      </object_component>
      <object_component id="oc-29b">
         <name>.debug_line</name>
         <load_address>0xa39</load_address>
         <run_address>0xa39</run_address>
         <size>0x32</size>
         <input_file_ref idref="fl-4"/>
      </object_component>
      <object_component id="oc-2d7">
         <name>.debug_line</name>
         <load_address>0xa6b</load_address>
         <run_address>0xa6b</run_address>
         <size>0x62</size>
         <input_file_ref idref="fl-4"/>
      </object_component>
      <object_component id="oc-2b7">
         <name>.debug_line</name>
         <load_address>0xacd</load_address>
         <run_address>0xacd</run_address>
         <size>0x167</size>
         <input_file_ref idref="fl-4"/>
      </object_component>
      <object_component id="oc-25f">
         <name>.debug_line</name>
         <load_address>0xc34</load_address>
         <run_address>0xc34</run_address>
         <size>0x49</size>
         <input_file_ref idref="fl-4"/>
      </object_component>
      <object_component id="oc-2a1">
         <name>.debug_line</name>
         <load_address>0xc7d</load_address>
         <run_address>0xc7d</run_address>
         <size>0x8d</size>
         <input_file_ref idref="fl-4"/>
      </object_component>
      <object_component id="oc-19b">
         <name>.debug_line</name>
         <load_address>0xd0a</load_address>
         <run_address>0xd0a</run_address>
         <size>0x53</size>
         <input_file_ref idref="fl-4"/>
      </object_component>
      <object_component id="oc-2dd">
         <name>.debug_line</name>
         <load_address>0xd5d</load_address>
         <run_address>0xd5d</run_address>
         <size>0x5b</size>
         <input_file_ref idref="fl-bf"/>
      </object_component>
      <object_component id="oc-54">
         <name>.debug_line</name>
         <load_address>0xdb8</load_address>
         <run_address>0xdb8</run_address>
         <size>0x88</size>
         <input_file_ref idref="fl-c0"/>
      </object_component>
      <object_component id="oc-fe">
         <name>.debug_line</name>
         <load_address>0xe40</load_address>
         <run_address>0xe40</run_address>
         <size>0xa9</size>
         <input_file_ref idref="fl-c1"/>
      </object_component>
      <object_component id="oc-60">
         <name>.debug_line</name>
         <load_address>0xee9</load_address>
         <run_address>0xee9</run_address>
         <size>0x4f</size>
         <input_file_ref idref="fl-c1"/>
      </object_component>
      <object_component id="oc-b4">
         <name>.debug_line</name>
         <load_address>0xf38</load_address>
         <run_address>0xf38</run_address>
         <size>0x34</size>
         <input_file_ref idref="fl-c1"/>
      </object_component>
      <object_component id="oc-fb">
         <name>.debug_line</name>
         <load_address>0xf6c</load_address>
         <run_address>0xf6c</run_address>
         <size>0x95</size>
         <input_file_ref idref="fl-c1"/>
      </object_component>
      <object_component id="oc-af">
         <name>.debug_line</name>
         <load_address>0x1001</load_address>
         <run_address>0x1001</run_address>
         <size>0x20</size>
         <input_file_ref idref="fl-c2"/>
      </object_component>
      <object_component id="oc-1c">
         <name>.debug_line</name>
         <load_address>0x1021</load_address>
         <run_address>0x1021</run_address>
         <size>0x55</size>
         <input_file_ref idref="fl-c2"/>
      </object_component>
      <object_component id="oc-59">
         <name>.debug_line</name>
         <load_address>0x1076</load_address>
         <run_address>0x1076</run_address>
         <size>0x3a</size>
         <input_file_ref idref="fl-c2"/>
      </object_component>
      <object_component id="oc-ac">
         <name>.debug_line</name>
         <load_address>0x10b0</load_address>
         <run_address>0x10b0</run_address>
         <size>0x95</size>
         <input_file_ref idref="fl-c2"/>
      </object_component>
      <object_component id="oc-f7">
         <name>.debug_line</name>
         <load_address>0x1145</load_address>
         <run_address>0x1145</run_address>
         <size>0x20</size>
         <input_file_ref idref="fl-c3"/>
      </object_component>
      <object_component id="oc-16">
         <name>.debug_line</name>
         <load_address>0x1165</load_address>
         <run_address>0x1165</run_address>
         <size>0xa9</size>
         <input_file_ref idref="fl-c3"/>
      </object_component>
      <object_component id="oc-49">
         <name>.debug_line</name>
         <load_address>0x120e</load_address>
         <run_address>0x120e</run_address>
         <size>0x3a</size>
         <input_file_ref idref="fl-c3"/>
      </object_component>
      <object_component id="oc-f4">
         <name>.debug_line</name>
         <load_address>0x1248</load_address>
         <run_address>0x1248</run_address>
         <size>0x9d</size>
         <input_file_ref idref="fl-c3"/>
      </object_component>
      <object_component id="oc-a5">
         <name>.debug_line</name>
         <load_address>0x12e5</load_address>
         <run_address>0x12e5</run_address>
         <size>0x99</size>
         <input_file_ref idref="fl-c3"/>
      </object_component>
      <object_component id="oc-81">
         <name>.debug_line</name>
         <load_address>0x137e</load_address>
         <run_address>0x137e</run_address>
         <size>0x33</size>
         <input_file_ref idref="fl-c4"/>
      </object_component>
      <object_component id="oc-72">
         <name>.debug_line</name>
         <load_address>0x13b1</load_address>
         <run_address>0x13b1</run_address>
         <size>0x56</size>
         <input_file_ref idref="fl-c4"/>
      </object_component>
      <object_component id="oc-12a">
         <name>.debug_line</name>
         <load_address>0x1407</load_address>
         <run_address>0x1407</run_address>
         <size>0x3c</size>
         <input_file_ref idref="fl-c5"/>
      </object_component>
      <object_component id="oc-2e4">
         <name>.debug_line</name>
         <load_address>0x1443</load_address>
         <run_address>0x1443</run_address>
         <size>0x37</size>
         <input_file_ref idref="fl-c9"/>
      </object_component>
      <object_component id="oc-279">
         <name>.debug_line</name>
         <load_address>0x147a</load_address>
         <run_address>0x147a</run_address>
         <size>0xc2</size>
         <input_file_ref idref="fl-cb"/>
      </object_component>
      <object_component id="oc-136">
         <name>.debug_line</name>
         <load_address>0x153c</load_address>
         <run_address>0x153c</run_address>
         <size>0x6c</size>
         <input_file_ref idref="fl-cb"/>
      </object_component>
      <object_component id="oc-27d">
         <name>.debug_line</name>
         <load_address>0x15a8</load_address>
         <run_address>0x15a8</run_address>
         <size>0x2e</size>
         <input_file_ref idref="fl-cb"/>
      </object_component>
      <object_component id="oc-2c6">
         <name>.debug_line</name>
         <load_address>0x15d6</load_address>
         <run_address>0x15d6</run_address>
         <size>0x9d</size>
         <input_file_ref idref="fl-cb"/>
      </object_component>
      <object_component id="oc-282">
         <name>.debug_line</name>
         <load_address>0x1673</load_address>
         <run_address>0x1673</run_address>
         <size>0x9a</size>
         <input_file_ref idref="fl-cb"/>
      </object_component>
      <object_component id="oc-287">
         <name>.debug_line</name>
         <load_address>0x170d</load_address>
         <run_address>0x170d</run_address>
         <size>0x96</size>
         <input_file_ref idref="fl-cb"/>
      </object_component>
      <object_component id="oc-c1">
         <name>.debug_line</name>
         <load_address>0x17a3</load_address>
         <run_address>0x17a3</run_address>
         <size>0x40</size>
         <input_file_ref idref="fl-cc"/>
      </object_component>
      <object_component id="oc-172">
         <name>.debug_line</name>
         <load_address>0x17e3</load_address>
         <run_address>0x17e3</run_address>
         <size>0x82</size>
         <input_file_ref idref="fl-ce"/>
      </object_component>
      <object_component id="oc-295">
         <name>.debug_line</name>
         <load_address>0x1865</load_address>
         <run_address>0x1865</run_address>
         <size>0x7d</size>
         <input_file_ref idref="fl-ce"/>
      </object_component>
      <object_component id="oc-217">
         <name>.debug_line</name>
         <load_address>0x18e2</load_address>
         <run_address>0x18e2</run_address>
         <size>0x95</size>
         <input_file_ref idref="fl-ce"/>
      </object_component>
      <object_component id="oc-21d">
         <name>.debug_line</name>
         <load_address>0x1977</load_address>
         <run_address>0x1977</run_address>
         <size>0xd1</size>
         <input_file_ref idref="fl-ce"/>
      </object_component>
      <object_component id="oc-183">
         <name>.debug_line</name>
         <load_address>0x1a48</load_address>
         <run_address>0x1a48</run_address>
         <size>0x93</size>
         <input_file_ref idref="fl-ce"/>
      </object_component>
      <object_component id="oc-1a3">
         <name>.debug_line</name>
         <load_address>0x1adb</load_address>
         <run_address>0x1adb</run_address>
         <size>0x93</size>
         <input_file_ref idref="fl-ce"/>
      </object_component>
      <object_component id="oc-1a9">
         <name>.debug_line</name>
         <load_address>0x1b6e</load_address>
         <run_address>0x1b6e</run_address>
         <size>0x93</size>
         <input_file_ref idref="fl-ce"/>
      </object_component>
      <object_component id="oc-189">
         <name>.debug_line</name>
         <load_address>0x1c01</load_address>
         <run_address>0x1c01</run_address>
         <size>0xa7</size>
         <input_file_ref idref="fl-ce"/>
      </object_component>
      <object_component id="oc-90">
         <name>.debug_line</name>
         <load_address>0x1ca8</load_address>
         <run_address>0x1ca8</run_address>
         <size>0x92</size>
         <input_file_ref idref="fl-ce"/>
      </object_component>
      <object_component id="oc-e2">
         <name>.debug_line</name>
         <load_address>0x1d3a</load_address>
         <run_address>0x1d3a</run_address>
         <size>0x69</size>
         <input_file_ref idref="fl-ce"/>
      </object_component>
      <object_component id="oc-2a5">
         <name>.debug_line</name>
         <load_address>0x1da3</load_address>
         <run_address>0x1da3</run_address>
         <size>0x82</size>
         <input_file_ref idref="fl-cf"/>
      </object_component>
      <object_component id="oc-2d0">
         <name>.debug_line</name>
         <load_address>0x1e25</load_address>
         <run_address>0x1e25</run_address>
         <size>0x7c</size>
         <input_file_ref idref="fl-cf"/>
      </object_component>
      <object_component id="oc-2d2">
         <name>.debug_line</name>
         <load_address>0x1ea1</load_address>
         <run_address>0x1ea1</run_address>
         <size>0x7c</size>
         <input_file_ref idref="fl-cf"/>
      </object_component>
      <object_component id="oc-1ce">
         <name>.debug_line</name>
         <load_address>0x1f1d</load_address>
         <run_address>0x1f1d</run_address>
         <size>0x91</size>
         <input_file_ref idref="fl-cf"/>
      </object_component>
      <object_component id="oc-266">
         <name>.debug_line</name>
         <load_address>0x1fae</load_address>
         <run_address>0x1fae</run_address>
         <size>0x91</size>
         <input_file_ref idref="fl-cf"/>
      </object_component>
      <object_component id="oc-1b0">
         <name>.debug_line</name>
         <load_address>0x203f</load_address>
         <run_address>0x203f</run_address>
         <size>0x92</size>
         <input_file_ref idref="fl-cf"/>
      </object_component>
      <object_component id="oc-1b6">
         <name>.debug_line</name>
         <load_address>0x20d1</load_address>
         <run_address>0x20d1</run_address>
         <size>0x92</size>
         <input_file_ref idref="fl-cf"/>
      </object_component>
      <object_component id="oc-1bb">
         <name>.debug_line</name>
         <load_address>0x2163</load_address>
         <run_address>0x2163</run_address>
         <size>0x95</size>
         <input_file_ref idref="fl-cf"/>
      </object_component>
      <object_component id="oc-1c1">
         <name>.debug_line</name>
         <load_address>0x21f8</load_address>
         <run_address>0x21f8</run_address>
         <size>0x95</size>
         <input_file_ref idref="fl-cf"/>
      </object_component>
      <object_component id="oc-24b">
         <name>.debug_line</name>
         <load_address>0x228d</load_address>
         <run_address>0x228d</run_address>
         <size>0xa1</size>
         <input_file_ref idref="fl-cf"/>
      </object_component>
      <object_component id="oc-1c4">
         <name>.debug_line</name>
         <load_address>0x232e</load_address>
         <run_address>0x232e</run_address>
         <size>0x98</size>
         <input_file_ref idref="fl-cf"/>
      </object_component>
      <object_component id="oc-2b0">
         <name>.debug_line</name>
         <load_address>0x23c6</load_address>
         <run_address>0x23c6</run_address>
         <size>0x7c</size>
         <input_file_ref idref="fl-d0"/>
      </object_component>
      <object_component id="oc-2b2">
         <name>.debug_line</name>
         <load_address>0x2442</load_address>
         <run_address>0x2442</run_address>
         <size>0x82</size>
         <input_file_ref idref="fl-d0"/>
      </object_component>
      <object_component id="oc-2ae">
         <name>.debug_line</name>
         <load_address>0x24c4</load_address>
         <run_address>0x24c4</run_address>
         <size>0x82</size>
         <input_file_ref idref="fl-d0"/>
      </object_component>
      <object_component id="oc-1d3">
         <name>.debug_line</name>
         <load_address>0x2546</load_address>
         <run_address>0x2546</run_address>
         <size>0xaf</size>
         <input_file_ref idref="fl-d0"/>
      </object_component>
      <object_component id="oc-117">
         <name>.debug_line</name>
         <load_address>0x25f5</load_address>
         <run_address>0x25f5</run_address>
         <size>0x97</size>
         <input_file_ref idref="fl-d0"/>
      </object_component>
      <object_component id="oc-1d9">
         <name>.debug_line</name>
         <load_address>0x268c</load_address>
         <run_address>0x268c</run_address>
         <size>0xc2</size>
         <input_file_ref idref="fl-d0"/>
      </object_component>
      <object_component id="oc-28c">
         <name>.debug_line</name>
         <load_address>0x274e</load_address>
         <run_address>0x274e</run_address>
         <size>0x13d</size>
         <input_file_ref idref="fl-d3"/>
      </object_component>
      <object_component id="oc-297">
         <name>.debug_line</name>
         <load_address>0x288b</load_address>
         <run_address>0x288b</run_address>
         <size>0x7f</size>
         <input_file_ref idref="fl-d3"/>
      </object_component>
      <object_component id="oc-17d">
         <name>.debug_line</name>
         <load_address>0x290a</load_address>
         <run_address>0x290a</run_address>
         <size>0x94</size>
         <input_file_ref idref="fl-d3"/>
      </object_component>
      <object_component id="oc-177">
         <name>.debug_line</name>
         <load_address>0x299e</load_address>
         <run_address>0x299e</run_address>
         <size>0x94</size>
         <input_file_ref idref="fl-d3"/>
      </object_component>
      <object_component id="oc-18f">
         <name>.debug_line</name>
         <load_address>0x2a32</load_address>
         <run_address>0x2a32</run_address>
         <size>0x11a</size>
         <input_file_ref idref="fl-d3"/>
      </object_component>
      <object_component id="oc-290">
         <name>.debug_line</name>
         <load_address>0x2b4c</load_address>
         <run_address>0x2b4c</run_address>
         <size>0x7f</size>
         <input_file_ref idref="fl-d3"/>
      </object_component>
      <object_component id="oc-20f">
         <name>.debug_line</name>
         <load_address>0x2bcb</load_address>
         <run_address>0x2bcb</run_address>
         <size>0x82</size>
         <input_file_ref idref="fl-d4"/>
      </object_component>
      <object_component id="oc-232">
         <name>.debug_line</name>
         <load_address>0x2c4d</load_address>
         <run_address>0x2c4d</run_address>
         <size>0x93</size>
         <input_file_ref idref="fl-d4"/>
      </object_component>
      <object_component id="oc-22c">
         <name>.debug_line</name>
         <load_address>0x2ce0</load_address>
         <run_address>0x2ce0</run_address>
         <size>0x96</size>
         <input_file_ref idref="fl-d4"/>
      </object_component>
      <object_component id="oc-195">
         <name>.debug_line</name>
         <load_address>0x2d76</load_address>
         <run_address>0x2d76</run_address>
         <size>0xb3</size>
         <input_file_ref idref="fl-d4"/>
      </object_component>
      <object_component id="oc-d9">
         <name>.debug_line</name>
         <load_address>0x2e29</load_address>
         <run_address>0x2e29</run_address>
         <size>0x93</size>
         <input_file_ref idref="fl-d4"/>
      </object_component>
      <object_component id="oc-1e6">
         <name>.debug_line</name>
         <load_address>0x2ebc</load_address>
         <run_address>0x2ebc</run_address>
         <size>0x91</size>
         <input_file_ref idref="fl-d5"/>
      </object_component>
      <object_component id="oc-106">
         <name>.debug_frame</name>
         <load_address>0x0</load_address>
         <run_address>0x0</run_address>
         <size>0x58</size>
         <input_file_ref idref="fl-2"/>
      </object_component>
      <object_component id="oc-8b">
         <name>.debug_frame</name>
         <load_address>0x58</load_address>
         <run_address>0x58</run_address>
         <size>0x58</size>
         <input_file_ref idref="fl-2"/>
      </object_component>
      <object_component id="oc-41">
         <name>.debug_frame</name>
         <load_address>0xb0</load_address>
         <run_address>0xb0</run_address>
         <size>0x58</size>
         <input_file_ref idref="fl-2"/>
      </object_component>
      <object_component id="oc-10c">
         <name>.debug_frame</name>
         <load_address>0x108</load_address>
         <run_address>0x108</run_address>
         <size>0x54</size>
         <input_file_ref idref="fl-2"/>
      </object_component>
      <object_component id="oc-112">
         <name>.debug_frame</name>
         <load_address>0x15c</load_address>
         <run_address>0x15c</run_address>
         <size>0x60</size>
         <input_file_ref idref="fl-2"/>
      </object_component>
      <object_component id="oc-11e">
         <name>.debug_frame</name>
         <load_address>0x1bc</load_address>
         <run_address>0x1bc</run_address>
         <size>0x58</size>
         <input_file_ref idref="fl-2"/>
      </object_component>
      <object_component id="oc-c8">
         <name>.debug_frame</name>
         <load_address>0x214</load_address>
         <run_address>0x214</run_address>
         <size>0x5c</size>
         <input_file_ref idref="fl-2"/>
      </object_component>
      <object_component id="oc-1e0">
         <name>.debug_frame</name>
         <load_address>0x270</load_address>
         <run_address>0x270</run_address>
         <size>0x58</size>
         <input_file_ref idref="fl-2"/>
      </object_component>
      <object_component id="oc-29">
         <name>.debug_frame</name>
         <load_address>0x2c8</load_address>
         <run_address>0x2c8</run_address>
         <size>0x54</size>
         <input_file_ref idref="fl-3"/>
      </object_component>
      <object_component id="oc-2f">
         <name>.debug_frame</name>
         <load_address>0x31c</load_address>
         <run_address>0x31c</run_address>
         <size>0x54</size>
         <input_file_ref idref="fl-3"/>
      </object_component>
      <object_component id="oc-3b">
         <name>.debug_frame</name>
         <load_address>0x370</load_address>
         <run_address>0x370</run_address>
         <size>0x54</size>
         <input_file_ref idref="fl-3"/>
      </object_component>
      <object_component id="oc-35">
         <name>.debug_frame</name>
         <load_address>0x3c4</load_address>
         <run_address>0x3c4</run_address>
         <size>0x54</size>
         <input_file_ref idref="fl-3"/>
      </object_component>
      <object_component id="oc-2d8">
         <name>.debug_frame</name>
         <load_address>0x418</load_address>
         <run_address>0x418</run_address>
         <size>0x60</size>
         <input_file_ref idref="fl-4"/>
      </object_component>
      <object_component id="oc-2b8">
         <name>.debug_frame</name>
         <load_address>0x478</load_address>
         <run_address>0x478</run_address>
         <size>0x6c</size>
         <input_file_ref idref="fl-4"/>
      </object_component>
      <object_component id="oc-260">
         <name>.debug_frame</name>
         <load_address>0x4e4</load_address>
[...]
            <object_component_ref idref="oc-240"/>
            <object_component_ref idref="oc-19a"/>
            <object_component_ref idref="oc-2dc"/>
            <object_component_ref idref="oc-53"/>
            <object_component_ref idref="oc-5f"/>
            <object_component_ref idref="oc-1b"/>
            <object_component_ref idref="oc-15"/>
            <object_component_ref idref="oc-23"/>
            <object_component_ref idref="oc-71"/>
            <object_component_ref idref="oc-129"/>
            <object_component_ref idref="oc-2e3"/>
            <object_component_ref idref="oc-135"/>
            <object_component_ref idref="oc-c0"/>
            <object_component_ref idref="oc-222"/>
            <object_component_ref idref="oc-216"/>
            <object_component_ref idref="oc-21c"/>
            <object_component_ref idref="oc-182"/>
            <object_component_ref idref="oc-1a2"/>
            <object_component_ref idref="oc-1a8"/>
            <object_component_ref idref="oc-188"/>
            <object_component_ref idref="oc-8f"/>
            <object_component_ref idref="oc-2a8"/>
            <object_component_ref idref="oc-2ab"/>
            <object_component_ref idref="oc-1cd"/>
            <object_component_ref idref="oc-265"/>
            <object_component_ref idref="oc-1af"/>
            <object_component_ref idref="oc-1b5"/>
            <object_component_ref idref="oc-1ba"/>
            <object_component_ref idref="oc-1c0"/>
            <object_component_ref idref="oc-24e"/>
            <object_component_ref idref="oc-1c7"/>
            <object_component_ref idref="oc-259"/>
            <object_component_ref idref="oc-254"/>
            <object_component_ref idref="oc-1d2"/>
            <object_component_ref idref="oc-116"/>
            <object_component_ref idref="oc-1d8"/>
            <object_component_ref idref="oc-226"/>
            <object_component_ref idref="oc-17c"/>
            <object_component_ref idref="oc-176"/>
            <object_component_ref idref="oc-18e"/>
            <object_component_ref idref="oc-231"/>
            <object_component_ref idref="oc-22b"/>
            <object_component_ref idref="oc-194"/>
            <object_component_ref idref="oc-d8"/>
            <object_component_ref idref="oc-1e5"/>
         </contents>
      </logical_group>
      <logical_group id="lg-304" display="never" color="cyan">
         <name>.debug_pubtypes</name>
         <load_address>0x0</load_address>
         <run_address>0x0</run_address>
         <size>0xce2</size>
         <contents>
            <object_component_ref idref="oc-99"/>
            <object_component_ref idref="oc-ed"/>
            <object_component_ref idref="oc-e8"/>
            <object_component_ref idref="oc-9e"/>
            <object_component_ref idref="oc-16d"/>
            <object_component_ref idref="oc-2bb"/>
            <object_component_ref idref="oc-4c"/>
            <object_component_ref idref="oc-b2"/>
            <object_component_ref idref="oc-f9"/>
            <object_component_ref idref="oc-57"/>
            <object_component_ref idref="oc-aa"/>
            <object_component_ref idref="oc-47"/>
            <object_component_ref idref="oc-f2"/>
            <object_component_ref idref="oc-a3"/>
            <object_component_ref idref="oc-27b"/>
            <object_component_ref idref="oc-2c4"/>
            <object_component_ref idref="oc-280"/>
            <object_component_ref idref="oc-285"/>
            <object_component_ref idref="oc-e0"/>
            <object_component_ref idref="oc-28e"/>
         </contents>
      </logical_group>
      <load_segment id="lg-317" display="no" color="cyan">
         <name>SEGMENT_0</name>
         <load_address>0x0</load_address>
         <run_address>0x0</run_address>
         <size>0x1110</size>
         <flags>0x5</flags>
         <contents>
            <logical_group_ref idref="lg-3"/>
            <logical_group_ref idref="lg-4"/>
            <logical_group_ref idref="lg-5"/>
            <logical_group_ref idref="lg-6"/>
         </contents>
      </load_segment>
      <load_segment id="lg-318" display="no" color="cyan">
         <name>SEGMENT_1</name>
         <run_address>0x20000000</run_address>
         <size>0x379</size>
         <flags>0x6</flags>
         <contents>
            <logical_group_ref idref="lg-9"/>
            <logical_group_ref idref="lg-b"/>
            <logical_group_ref idref="lg-d"/>
            <logical_group_ref idref="lg-a"/>
         </contents>
      </load_segment>
   </logical_group_list>
   <placement_map>
      <memory_area display="yes" color="green">
         <name>FLASH</name>
         <page_id>0x0</page_id>
         <origin>0x0</origin>
         <length>0x40000</length>
         <used_space>0x110f</used_space>
         <unused_space>0x3eef1</unused_space>
         <attributes>RX</attributes>
         <usage_details>
            <allocated_space>
               <start_address>0x0</start_address>
               <size>0x26c</size>
               <logical_group_ref idref="lg-3"/>
            </allocated_space>
            <allocated_space>
               <start_address>0x26c</start_address>
               <size>0xc30</size>
               <logical_group_ref idref="lg-4"/>
            </allocated_space>
            <allocated_space>
               <start_address>0xe9c</start_address>
               <size>0x233</size>
               <logical_group_ref idref="lg-5"/>
            </allocated_space>
            <available_space>
               <start_address>0x10cf</start_address>
               <size>0x1</size>
            </available_space>
            <allocated_space>
               <start_address>0x10d0</start_address>
               <size>0x40</size>
               <logical_group_ref idref="lg-6"/>
            </allocated_space>
            <available_space>
               <start_address>0x1110</start_address>
               <size>0x3eef0</size>
            </available_space>
         </usage_details>
      </memory_area>
      <memory_area display="yes" color="green">
         <name>SRAM</name>
         <page_id>0x0</page_id>
         <origin>0x20000000</origin>
         <length>0x8000</length>
         <used_space>0x376</used_space>
         <unused_space>0x7c8a</unused_space>
         <attributes>RWX</attributes>
         <usage_details>
            <allocated_space>
               <start_address>0x20000000</start_address>
               <size>0x26c</size>
               <logical_group_ref idref="lg-9"/>
            </allocated_space>
            <allocated_space>
               <start_address>0x2000026c</start_address>
               <size>0x1</size>
               <logical_group_ref idref="lg-b"/>
            </allocated_space>
            <available_space>
               <start_address>0x2000026d</start_address>
               <size>0x3</size>
            </available_space>
            <allocated_space>
               <start_address>0x20000270</start_address>
               <size>0x100</size>
               <logical_group_ref idref="lg-d"/>
            </allocated_space>
            <allocated_space>
               <start_address>0x20000370</start_address>
               <size>0x9</size>
               <logical_group_ref idref="lg-a"/>
            </allocated_space>
            <available_space>
               <start_address>0x20000379</start_address>
               <size>0x7c87</size>
            </available_space>
         </usage_details>
      </memory_area>
   </placement_map>
   <cptbl_list>
      <cptbl>
         <name>__TI_cinit_table</name>
         <cprec>
            <name>.data</name>
            <load_address>0x10dc</load_address>
            <load_size>0xb</load_size>
            <run_address>0x20000370</run_address>
            <run_size>0x9</run_size>
            <compression>lzss</compression>
         </cprec>
         <cprec>
            <name>.bss</name>
            <load_address>0x10e8</load_address>
            <load_size>0x8</load_size>
            <run_address>0x2000026c</run_address>
            <run_size>0x1</run_size>
            <compression>zero_init</compression>
         </cprec>
         <cprec>
            <name>.vtable</name>
            <load_address>0x10f0</load_address>
            <load_size>0x8</load_size>
            <run_address>0x20000000</run_address>
            <run_size>0x26c</run_size>
            <compression>zero_init</compression>
         </cprec>
      </cptbl>
   </cptbl_list>
   <handler_table>
      <handler_table_name>__TI_handler_table</handler_table_name>
      <handler>
         <index>0x0</index>
         <name>__TI_zero_init</name>
      </handler>
      <handler>
         <index>0x1</index>
         <name>__TI_decompress_lzss</name>
      </handler>
      <handler>
         <index>0x2</index>
         <name>__TI_decompress_none</name>
      </handler>
   </handler_table>
   <symbol_table>
      <symbol id="sm-1">
         <name>__STACK_TOP</name>
         <value>0x20000370</value>
      </symbol>
      <symbol id="sm-2">
         <name>__TI_CINIT_Base</name>
         <value>0x10f8</value>
      </symbol>
      <symbol id="sm-3">
         <name>__TI_CINIT_Limit</name>
         <value>0x1110</value>
      </symbol>
      <symbol id="sm-4">
         <name>__TI_Handler_Table_Base</name>
         <value>0x10d0</value>
      </symbol>
      <symbol id="sm-5">
         <name>__TI_Handler_Table_Limit</name>
         <value>0x10dc</value>
      </symbol>
      <symbol id="sm-6">
         <name>binit</name>
         <value>0xffffffff</value>
      </symbol>
      <symbol id="sm-7">
         <name>__binit__</name>
         <value>0xffffffff</value>
      </symbol>
      <symbol id="sm-8">
         <name>__STACK_SIZE</name>
         <value>0x100</value>
      </symbol>
      <symbol id="sm-9">
         <name>__STACK_END</name>
         <value>0x20000370</value>
      </symbol>
      <symbol id="sm-a">
         <name>__c_args__</name>
         <value>0xffffffff</value>
      </symbol>
      <symbol id="sm-b">
         <name>__TI_pprof_out_hndl</name>
         <value>0xffffffff</value>
      </symbol>
      <symbol id="sm-c">
         <name>__TI_prof_data_start</name>
         <value>0xffffffff</value>
      </symbol>
      <symbol id="sm-d">
         <name>__TI_prof_data_size</name>
         <value>0xffffffff</value>
      </symbol>
      <symbol id="sm-cb">
         <name>dataRx</name>
         <value>0x2000026c</value>
      </symbol>
      <symbol id="sm-cc">
         <name>delayInit</name>
         <value>0xd25</value>
         <object_component_ref idref="oc-107"/>
      </symbol>
      <symbol id="sm-cd">
         <name>motorRightHandler</name>
         <value>0xd41</value>
         <object_component_ref idref="oc-3c"/>
      </symbol>
      <symbol id="sm-ce">
         <name>i2cSlaveInit</name>
         <value>0x699</value>
         <object_component_ref idref="oc-10d"/>
      </symbol>
      <symbol id="sm-cf">
         <name>main</name>
         <value>0xaf5</value>
         <object_component_ref idref="oc-c3"/>
      </symbol>
      <symbol id="sm-d0">
         <name>uartInit</name>
         <value>0x7d9</value>
         <object_component_ref idref="oc-101"/>
      </symbol>
      <symbol id="sm-d1">
         <name>I2C0SlaveIntHandler</name>
         <value>0x919</value>
         <object_component_ref idref="oc-1db"/>
      </symbol>
      <symbol id="sm-d2">
         <name>UARTSend</name>
         <value>0xd09</value>
         <object_component_ref idref="oc-86"/>
      </symbol>
      <symbol id="sm-d3">
         <name>delay_ms</name>
         <value>0xc91</value>
         <object_component_ref idref="oc-119"/>
      </symbol>
      <symbol id="sm-d4">
         <name>meh</name>
         <value>0x20000375</value>
         <object_component_ref idref="oc-92"/>
      </symbol>
      <symbol id="sm-10a">
         <name>ResetISR</name>
         <value>0xe8b</value>
         <object_component_ref idref="oc-24"/>
      </symbol>
      <symbol id="sm-10b">
         <name>g_pfnVectors</name>
         <value>0x0</value>
         <object_component_ref idref="oc-f"/>
      </symbol>
      <symbol id="sm-179">
         <name>UARTStdioConfig</name>
         <value>0x979</value>
         <object_component_ref idref="oc-197"/>
      </symbol>
      <symbol id="sm-17a">
         <name>UARTwrite</name>
         <value>0xa21</value>
         <object_component_ref idref="oc-2d3"/>
      </symbol>
      <symbol id="sm-17b">
         <name>UARTprintf</name>
         <value>0xd91</value>
         <object_component_ref idref="oc-25b"/>
      </symbol>
      <symbol id="sm-17c">
         <name>UARTvprintf</name>
         <value>0x26d</value>
         <object_component_ref idref="oc-2b3"/>
      </symbol>
      <symbol id="sm-18b">
         <name>__aeabi_uidivmod</name>
         <value>0xb79</value>
         <object_component_ref idref="oc-2d9"/>
      </symbol>
      <symbol id="sm-18c">
         <name>__aeabi_uidiv</name>
         <value>0xb79</value>
         <object_component_ref idref="oc-2d9"/>
      </symbol>
      <symbol id="sm-1a7">
         <name>memcpy</name>
         <value>0x73d</value>
         <object_component_ref idref="oc-50"/>
      </symbol>
      <symbol id="sm-1a8">
         <name>__aeabi_memcpy</name>
         <value>0x73d</value>
         <object_component_ref idref="oc-50"/>
      </symbol>
      <symbol id="sm-1a9">
         <name>__aeabi_memcpy8</name>
         <value>0x73d</value>
         <object_component_ref idref="oc-50"/>
      </symbol>
      <symbol id="sm-1aa">
         <name>__aeabi_memcpy4</name>
         <value>0x73d</value>
         <object_component_ref idref="oc-50"/>
      </symbol>
      <symbol id="sm-1c3">
         <name>__TI_zero_init_nomemset</name>
         <value>0xe0d</value>
         <object_component_ref idref="oc-5c"/>
      </symbol>
      <symbol id="sm-1da">
         <name>__TI_decompress_none</name>
         <value>0xe4d</value>
         <object_component_ref idref="oc-18"/>
      </symbol>
      <symbol id="sm-1fd">
         <name>__TI_decompress_lzss</name>
         <value>0x8b1</value>
         <object_component_ref idref="oc-12"/>
      </symbol>
      <symbol id="sm-210">
         <name>__stack</name>
         <value>0x20000270</value>
         <object_component_ref idref="oc-21"/>
      </symbol>
      <symbol id="sm-211">
         <name>_c_int00_noargs</name>
         <value>0xbf1</value>
         <object_component_ref idref="oc-6e"/>
      </symbol>
      <symbol id="sm-21c">
         <name>C$$EXIT</name>
         <value>0xe95</value>
         <object_component_ref idref="oc-126"/>
      </symbol>
      <symbol id="sm-21d">
         <name>abort</name>
         <value>0xe95</value>
         <object_component_ref idref="oc-126"/>
      </symbol>
      <symbol id="sm-22a">
         <name>__aeabi_idiv0</name>
         <value>0xe9b</value>
         <object_component_ref idref="oc-2e0"/>
      </symbol>
      <symbol id="sm-22b">
         <name>__aeabi_ldiv0</name>
         <value>0xe9b</value>
         <object_component_ref idref="oc-2e0"/>
      </symbol>
      <symbol id="sm-254">
         <name>__TI_auto_init_nobinit_nopinit</name>
         <value>0xab1</value>
         <object_component_ref idref="oc-132"/>
      </symbol>
      <symbol id="sm-25e">
         <name>_system_pre_init</name>
         <value>0xe91</value>
         <object_component_ref idref="oc-bd"/>
      </symbol>
      <symbol id="sm-2ae">
         <name>GPIOPinConfigure</name>
         <value>0x9d9</value>
         <object_component_ref idref="oc-185"/>
      </symbol>
      <symbol id="sm-2af">
         <name>GPIOPinTypeI2CSCL</name>
         <value>0xde9</value>
         <object_component_ref idref="oc-19f"/>
      </symbol>
      <symbol id="sm-2b0">
         <name>GPIOPinTypeI2C</name>
         <value>0xdd7</value>
         <object_component_ref idref="oc-1a5"/>
      </symbol>
      <symbol id="sm-2b1">
         <name>GPIOIntClear</name>
         <value>0xe85</value>
         <object_component_ref idref="oc-8c"/>
      </symbol>
      <symbol id="sm-2b2">
         <name>GPIOPinTypeUART</name>
         <value>0xdfb</value>
         <object_component_ref idref="oc-17f"/>
      </symbol>
      <symbol id="sm-2b3">
         <name>GPIODirModeSet</name>
         <value>0xcbd</value>
         <object_component_ref idref="oc-213"/>
      </symbol>
      <symbol id="sm-2b4">
         <name>GPIOPadConfigSet</name>
         <value>0x457</value>
         <object_component_ref idref="oc-219"/>
      </symbol>
      <symbol id="sm-310">
         <name>I2CIntRegister</name>
         <value>0xdab</value>
         <object_component_ref idref="oc-1c3"/>
      </symbol>
      <symbol id="sm-311">
         <name>I2CSlaveACKOverride</name>
         <value>0xd5d</value>
         <object_component_ref idref="oc-1bd"/>
      </symbol>
      <symbol id="sm-312">
         <name>I2CSlaveIntClear</name>
         <value>0xe7d</value>
         <object_component_ref idref="oc-261"/>
      </symbol>
      <symbol id="sm-313">
         <name>I2CSlaveIntEnableEx</name>
         <value>0xe67</value>
         <object_component_ref idref="oc-1c9"/>
      </symbol>
      <symbol id="sm-314">
         <name>I2CSlaveEnable</name>
         <value>0xe1f</value>
         <object_component_ref idref="oc-1ab"/>
      </symbol>
      <symbol id="sm-315">
         <name>I2CSlaveACKValueSet</name>
         <value>0xd77</value>
         <object_component_ref idref="oc-1b7"/>
      </symbol>
      <symbol id="sm-316">
         <name>I2CSlaveInit</name>
         <value>0xe3f</value>
         <object_component_ref idref="oc-1b1"/>
      </symbol>
      <symbol id="sm-358">
         <name>IntEnable</name>
         <value>0x849</value>
         <object_component_ref idref="oc-1d5"/>
      </symbol>
      <symbol id="sm-359">
         <name>IntRegister</name>
         <value>0xc29</value>
         <object_component_ref idref="oc-1cf"/>
      </symbol>
      <symbol id="sm-35a">
         <name>g_pfnRAMVectors</name>
         <value>0x20000000</value>
         <object_component_ref idref="oc-252"/>
      </symbol>
      <symbol id="sm-35b">
         <name>IntMasterEnable</name>
         <value>0xe2f</value>
         <object_component_ref idref="oc-113"/>
      </symbol>
      <symbol id="sm-3a2">
         <name>SysCtlPeripheralEnable</name>
         <value>0xc5d</value>
         <object_component_ref idref="oc-173"/>
      </symbol>
      <symbol id="sm-3a3">
         <name>SysCtlClockGet</name>
         <value>0x589</value>
         <object_component_ref idref="oc-18b"/>
      </symbol>
      <symbol id="sm-3a4">
         <name>SysCtlPeripheralReady</name>
         <value>0xbb9</value>
         <object_component_ref idref="oc-179"/>
      </symbol>
      <symbol id="sm-3ce">
         <name>UARTConfigSetExpClk</name>
         <value>0xa69</value>
         <object_component_ref idref="oc-191"/>
      </symbol>
      <symbol id="sm-3cf">
         <name>UARTDisable</name>
         <value>0xce9</value>
         <object_component_ref idref="oc-228"/>
      </symbol>
      <symbol id="sm-3d0">
         <name>UARTCharPut</name>
         <value>0xe73</value>
         <object_component_ref idref="oc-d5"/>
      </symbol>
      <symbol id="sm-3d1">
         <name>UARTEnable</name>
         <value>0xdc3</value>
         <object_component_ref idref="oc-22e"/>
      </symbol>
      <symbol id="sm-3db">
         <name>CPUcpsie</name>
         <value>0xe5b</value>
         <object_component_ref idref="oc-1e2"/>
      </symbol>
      <symbol id="sm-3dc">
         <name>__TI_static_base__</name>
         <value>0x0</value>
      </symbol>
      <symbol id="sm-3df">
         <name>__mpu_init</name>
         <value>0x0</value>
      </symbol>
      <symbol id="sm-3e0">
         <name>_system_post_cinit</name>
         <value>0x0</value>
      </symbol>
   </symbol_table>
   <title>Link successful</title>
</link_info>
